// Jest Snapshot v1, https://goo.gl/fbAQLP

exports[`SelectComponent should the first option is Car 1`] = `
<select-component
  cdf={[Function ViewRef_]}
  n={[Function String]}
  title={[Function String]}
  vehicles={[Function Array]}
>
  <h4>
    Vehicles Types
  </h4><mat-form-field
    class="mat-form-field ng-tns-c8-0 mat-primary mat-form-field-type-mat-select mat-form-field-appearance-legacy mat-form-field-can-float mat-form-field-hide-placeholder mat-form-field-should-float mat-focused"
  >
    <div
      class="mat-form-field-wrapper"
    >
      <div
        class="mat-form-field-flex"
      >
        
        
        <div
          class="mat-form-field-infix"
        >
          <mat-select
            aria-disabled="false"
            aria-invalid="false"
            aria-multiselectable="false"
            aria-required="false"
            class="mat-select ng-tns-c9-1 ng-star-inserted"
            id="mat-select-2"
            role="listbox"
            tabindex="0"
          >
            <div
              aria-hidden="true"
              cdk-overlay-origin=""
              class="mat-select-trigger"
            >
              <div
                class="mat-select-value"
              >
                
                
                <span
                  class="mat-select-value-text ng-tns-c9-1 ng-star-inserted"
                >
                  
                  <span
                    class="ng-tns-c9-1 ng-star-inserted"
                  >
                    car
                  </span>
                  
                </span>
              </div>
              <div
                class="mat-select-arrow-wrapper"
              >
                <div
                  class="mat-select-arrow"
                />
              </div>
            </div>
            
          </mat-select>
          <span
            class="mat-form-field-label-wrapper"
          >
            
          </span>
        </div>
        
      </div>
      
      <div
        class="mat-form-field-underline ng-tns-c8-0 ng-star-inserted"
      >
        <span
          class="mat-form-field-ripple"
        />
      </div>
      <div
        class="mat-form-field-subscript-wrapper"
      >
        
        
        <div
          class="mat-form-field-hint-wrapper ng-tns-c8-0 ng-trigger ng-trigger-transitionMessages ng-star-inserted"
          style="opacity:1;transform:translateY(0%);0:opacity;1:transform;"
        >
          
          <div
            class="mat-form-field-hint-spacer"
          />
        </div>
      </div>
    </div>
  </mat-form-field>
</select-component>
`;
